WW4? damn son,29.12.1919
SpanishFlu (corona ? yes please),30.12.1919
WW3,30.12.1919
Event10,2.1.1920
Event11,3.1.1920
Event12,4.1.1920
Event5,5.1.1920
Event13,5.1.1920
Event14,6.1.1920
Event15,7.1.1920
Event16,8.1.1920
Event17,9.1.1920
Event18,11.1.1920
Event7,3.1.1998
Event8,4.1.1998
Event3,6.1.1998
Event2,2.12.2001
Event1,1.1.2020
Event4,4.1.2020
Event6,6.1.2020
Matam (shit),19.2.2020
